[
  {
    "seed": 21,
    "preset": "normal",
    "state": "won",
    "room": 12,
    "seconds": 44.1,
    "hits": 0,
    "foamShots": 0
  },
  {
    "seed": 21,
    "preset": "wash",
    "state": "won",
    "room": 12,
    "seconds": 24.4,
    "hits": 0,
    "foamShots": 0
  },
  {
    "seed": 21,
    "preset": "transport",
    "state": "won",
    "room": 12,
    "seconds": 61.3,
    "hits": 0,
    "foamShots": 0
  },
  {
    "seed": 21,
    "preset": "pinball",
    "state": "won",
    "room": 12,
    "seconds": 55.9,
    "hits": 0,
    "foamShots": 6
  },
  {
    "seed": 21,
    "preset": "recycle",
    "state": "won",
    "room": 12,
    "seconds": 52.5,
    "hits": 0,
    "foamShots": 0
  },
  {
    "seed": 42,
    "preset": "normal",
    "state": "won",
    "room": 12,
    "seconds": 87.2,
    "hits": 0,
    "foamShots": 4
  },
  {
    "seed": 42,
    "preset": "wash",
    "state": "won",
    "room": 12,
    "seconds": 50.8,
    "hits": 0,
    "foamShots": 0
  },
  {
    "seed": 42,
    "preset": "transport",
    "state": "won",
    "room": 12,
    "seconds": 45.6,
    "hits": 0,
    "foamShots": 0
  },
  {
    "seed": 42,
    "preset": "pinball",
    "state": "won",
    "room": 12,
    "seconds": 47.7,
    "hits": 0,
    "foamShots": 6
  },
  {
    "seed": 42,
    "preset": "recycle",
    "state": "won",
    "room": 12,
    "seconds": 58.2,
    "hits": 0,
    "foamShots": 3
  },
  {
    "seed": 63,
    "preset": "normal",
    "state": "won",
    "room": 12,
    "seconds": 91.9,
    "hits": 2,
    "foamShots": 0
  },
  {
    "seed": 63,
    "preset": "wash",
    "state": "won",
    "room": 12,
    "seconds": 38.8,
    "hits": 0,
    "foamShots": 0
  },
  {
    "seed": 63,
    "preset": "transport",
    "state": "won",
    "room": 12,
    "seconds": 48.1,
    "hits": 0,
    "foamShots": 1
  },
  {
    "seed": 63,
    "preset": "pinball",
    "state": "won",
    "room": 12,
    "seconds": 34.6,
    "hits": 0,
    "foamShots": 0
  },
  {
    "seed": 63,
    "preset": "recycle",
    "state": "won",
    "room": 12,
    "seconds": 63.3,
    "hits": 0,
    "foamShots": 0
  }
]
